// Jest Snapshot v1, https://goo.gl/fbAQLP

exports[`Snapshots 1`] = `
<svg
  className="style__avatar___3QhkH"
  height="141"
  viewBox="0 0 141 141"
  width="141"
  xmlns="http://www.w3.org/2000/svg"
>
  <title>
    ico-user-default
  </title>
  <path
    d="M71 35c-17.304 0-31.334 14.071-31.334 31.428v7.857c0 11.307 6.017 21.144 14.955 26.684-11.399 4.27-22.608 13.347-27.728 24.111C38.886 134.728 54.14 140.5 70.8 140.5c16.792 0 32.16-5.862 44.197-15.648-5.17-10.664-16.3-19.643-27.611-23.883 8.93-5.54 14.947-15.377 14.947-26.684v-7.857C102.334 49.07 88.304 35 71 35z"
    fill="#A3A3AE"
    fillRule="evenodd"
    opacity=".2"
    stroke="#A3A3AE"
    strokeWidth="3"
  />
</svg>
`;
